// Jest Snapshot v1, https://goo.gl/fbAQLP

exports[`first renders 1`] = `ReactWrapper {}`;
