// Jest Snapshot v1, https://goo.gl/fbAQLP

exports[`Index renders 1`] = `ReactWrapper {}`;

exports[`first renders 1`] = `ReactWrapper {}`;
