// Jest Snapshot v1, https://goo.gl/fbAQLP

exports[`<Results/> is true 1`] = `ReactWrapper {}`;
